// Jest Snapshot v1, https://goo.gl/fbAQLP

exports[`IntroPage matches snapshot 1`] = `
<div>
  hi
</div>
`;
